# ################################
# v3.13.0 OOB exlude patterns

*~
~$*
.~lock.*
~*.tmp
]*.~*
]Icon\r*
].DS_Store
].ds_store
*.textClipping
._*
]Thumbs.db
]photothumb.db
System Volume Information

.*.sw?
.*.*sw?

].TemporaryItems
].Trashes
].DocumentRevisions-V100
].Trash-*
.fseventd
.apdisk

.Spotlight-V100

.directory

*.part
*.filepart
*.crdownload

*.kate-swp
*.gnucash.tmp-*

.synkron.*
.sync.ffs_db
.symform
.symform-store
.fuse_hidden*
*.unison
.nfs*

.stfolder
.stignore
.stversions

My Saved Places.

\#*#

*.sb-*

# ################################
# Historical Nextcloud client OOB patterns that should be excluded

desktop.ini
.*.*.sw?
*.nfs

# ################################
# Historical OOB patterns that should be included (commented out for reference)

# .htaccess

# ################################
# Custom patterns

].fseventsd
].com.apple.timemachine.donotpresent
].AppleDouble
].LSOverride
].VolumeIcon.icns
].AppleDB
].AppleDesktop
]._.TemporaryItems
Network Trash Folder/
Temporary Items/

]ehthumbs.db
]ehthumbs_vista.db
]*.stackdump
]Desktop.ini
]$RECYCLE.BIN/
]*.lnk

.fuse_hidden*

].csettings

# *.crdownload
# *.part
*.opdownload
*.partial
*.download

]node_modules/
].npm
].node_repl_history
]npm-debug.log*
].lock-wscript

]bower_components/
].bower-cache
].bower-registry
].bower-tmp

].grunt
].tmp/

vendor/

].sass-cache/

]*.tmlanguage.cache
]*.tmPreferences.cache
]*.stTheme.cache
]*.sublime-workspace

]*~.nib
]*.swp
]*.out
]*.pbxuser
]*.perspective
]*.perspectivev3
]*.mode1v3
]*.mode2v3
]*.user
]xcuserdata/
]*.xcworkspace
]*.xccheckout
]*.build/
]*.hmap
]dgph
]*.d
]*.dia
]*.LinkFileList
]*_dependency_info.dat

]*.sdf
]*.opensdf
]*.suo
]*.pdb
]*.ilk
]*.aps
]*.ncb
]ipch/
]*.tlog/
]*.tlog
]*.lastbuildstate
]*.idb

].history

].pio/
].pioenvs/
].piolibdeps/

]*.depend
]*.layout

].metadata
]local.properties
].externalToolBuilders

pids/
]*.pid
]*.seed

*.o
*.idb
*.mode*
*.dSYM
*.pyc

*.cpp.eep
*.cpp.elf
*.cpp.hex
